// Jest Snapshot v1, https://goo.gl/fbAQLP

exports[`matches snapshot 1`] = `
<DocumentFragment>
  <div>
    <div
      style="margin-bottom: 40px;"
    >
      <h1>
        Color Box Maker
      </h1>
      <div>
        <div
          style="margin-bottom: 20px; padding: 20px; border: 1px solid #ccc; border-radius: 5px;"
        >
          <h3>
            Add a New Box
          </h3>
          <form>
            <div
              style="margin-bottom: 10px;"
            >
              <label
                for="height"
              >
                Height: 
              </label>
              <input
                id="height"
                name="height"
                placeholder="e.g., 5"
                style="margin-left: 5px; padding: 5px;"
                type="text"
                value=""
              />
            </div>
            <div
              style="margin-bottom: 10px;"
            >
              <label
                for="width"
              >
                Width: 
              </label>
              <input
                id="width"
                name="width"
                placeholder="e.g., 5"
                style="margin-left: 5px; padding: 5px;"
                type="text"
                value=""
              />
            </div>
            <div
              style="margin-bottom: 10px;"
            >
              <label
                for="backgroundColor"
              >
                Background Color: 
              </label>
              <input
                id="backgroundColor"
                name="backgroundColor"
                placeholder="e.g., red"
                style="margin-left: 5px; padding: 5px;"
                type="text"
                value=""
              />
            </div>
            <button
              style="padding: 8px 16px; background-color: rgb(0, 123, 255); color: white; border-radius: 3px; cursor: pointer;"
              type="submit"
            >
              Add a new box!
            </button>
          </form>
        </div>
        <div
          style="display: flex; flex-wrap: wrap; gap: 10px; margin-top: 20px;"
        />
      </div>
    </div>
    <hr
      style="margin: 40px 0px;"
    />
    <div>
      <div>
        <h1>
          Todo App
        </h1>
        <div
          style="margin-bottom: 20px; padding: 20px; border: 1px solid #ccc; border-radius: 5px;"
        >
          <h3>
            Add a New Todo
          </h3>
          <form>
            <label
              for="task"
            >
              Task: 
            </label>
            <input
              id="task"
              name="task"
              placeholder="Enter a new task..."
              style="margin-left: 5px; padding: 8px; width: 300px; margin-right: 10px;"
              type="text"
              value=""
            />
            <button
              style="padding: 8px 16px; background-color: rgb(0, 123, 255); color: white; border-radius: 3px; cursor: pointer;"
              type="submit"
            >
              Add a todo!
            </button>
          </form>
        </div>
        <ul
          style="list-style: none; padding: 0px;"
        />
      </div>
    </div>
  </div>
</DocumentFragment>
`;
