// Jest Snapshot v1, https://goo.gl/fbAQLP

exports[`matches snapshot 1`] = `
<DocumentFragment>
  <div>
    <h1>
      Todo App
    </h1>
    <div
      style="margin-bottom: 20px; padding: 20px; border: 1px solid #ccc; border-radius: 5px;"
    >
      <h3>
        Add a New Todo
      </h3>
      <form>
        <label
          for="task"
        >
          Task: 
        </label>
        <input
          id="task"
          name="task"
          placeholder="Enter a new task..."
          style="margin-left: 5px; padding: 8px; width: 300px; margin-right: 10px;"
          type="text"
          value=""
        />
        <button
          style="padding: 8px 16px; background-color: rgb(0, 123, 255); color: white; border-radius: 3px; cursor: pointer;"
          type="submit"
        >
          Add a todo!
        </button>
      </form>
    </div>
    <ul
      style="list-style: none; padding: 0px;"
    />
  </div>
</DocumentFragment>
`;
